// Jest Snapshot v1, https://goo.gl/fbAQLP

exports[`TableComponent snapshot 1`] = `
<table-spec
  __ngContext__={[Function LRootView]}
  table={[Function TableComponent]}
>
  <ternimal-table
    splitid="s"
    tableid="t"
  >
    <article
      class="header-wrapper"
      style="transform: translateX(-undefinedpx); visibility: visible;"
    >
      <table
        class="header"
      >
        <thead>
          <tr>
            <th
              _dir="vertical"
              _text="A"
              class="vertical"
              id="a"
              sortable=""
              style="min-width: 0px; width: 0px;"
            >
              
            
              <div
                _ix="0"
                class="column"
              >
                
              
                <div
                  _ix="0"
                  class="text"
                >
                  
                A ‚Æù
              
                </div>
              </div>
            </th>
            <th
              _dir="vertical"
              _text="B"
              class="vertical"
              id="b"
              sortable=""
              style="min-width: 0px; width: 0px;"
            >
              
            
              <div
                _ix="1"
                class="column"
              >
                
              
                <div
                  _ix="1"
                  class="text"
                >
                  
                B
              
                </div>
              </div>
            </th>
            <th
              _dir="vertical"
              _text="C"
              class="vertical"
              id="c"
              sortable=""
              style="min-width: 0px; width: 0px;"
            >
              
            
              <div
                _ix="2"
                class="column"
              >
                
              
                <div
                  _ix="2"
                  class="text"
                >
                  
                C
              
                </div>
              </div>
            </th>
          </tr>
        </thead>
      </table>
    </article>
    <article
      class="body-wrapper"
    >
      <table
        class="body"
      >
        <tbody>
          <tr
            class="hydrated"
            id="1"
          >
            <td>
              A1
            </td>
            <td>
              B1
            </td>
            <td>
              C1
            </td>
          </tr>
          <tr
            id="2"
          >
            <td>
              A2
            </td>
            <td>
              B2
            </td>
            <td>
              C2
            </td>
          </tr>
          <tr
            id="3"
          >
            <td>
              A3
            </td>
            <td>
              B3
            </td>
            <td>
              C3
            </td>
          </tr>
        </tbody>
      </table>
    </article>
  </ternimal-table>
</table-spec>
`;
