// Jest Snapshot v1, https://goo.gl/fbAQLP

exports[`TriStateComponent snapshot 1`] = `
<ternimal-tristate
  __ngContext__={[Function LRootView]}
  disabled="false"
  tape={[Function Array]}
  value={[Function Boolean]}
>
  <mat-checkbox
    class="mat-checkbox mat-accent ng-untouched ng-pristine ng-valid"
  >
    <label
      class="mat-checkbox-layout"
      for="mat-checkbox-3-input"
    >
      <span
        class="mat-checkbox-inner-container mat-checkbox-inner-container-no-side-margin"
      >
        <input
          aria-checked="false"
          class="mat-checkbox-input cdk-visually-hidden"
          id="mat-checkbox-3-input"
          tabindex="0"
          type="checkbox"
        />
        <span
          class="mat-ripple mat-checkbox-ripple mat-focus-indicator"
          matripple=""
        >
          <span
            class="mat-ripple-element mat-checkbox-persistent-ripple"
          />
        </span>
        <span
          class="mat-checkbox-frame"
        />
        <span
          class="mat-checkbox-background"
        >
          <svg
            class="mat-checkbox-checkmark"
            focusable="false"
            version="1.1"
            viewBox="0 0 24 24"
            xml:space="preserve"
          >
            <path
              class="mat-checkbox-checkmark-path"
              d="M4.1,12.7 9,17.6 20.3,6.3"
              fill="none"
              stroke="white"
            />
          </svg>
          <span
            class="mat-checkbox-mixedmark"
          />
        </span>
      </span>
      <span
        class="mat-checkbox-label"
      >
        <span
          style="display: none;"
        >
          Â 
        </span>
      </span>
    </label>
  </mat-checkbox>
</ternimal-tristate>
`;
